  console.log
    Fetching weather data for: San Francisco

      at log (lib/weather-api.ts:956:11)

  console.log
    Parsed location query: { query: 'San Francisco', type: 'city_only', city: 'San Francisco' }

      at log (lib/weather-api.ts:961:13)

  console.error
    Error fetching weather data: TypeError: Cannot read properties of undefined (reading 'state')
        at state (C:\Users\justi\OneDrive\Desktop\Weather-application--main\lib\weather-api.ts:563:34)
        at fetchWeatherData (C:\Users\justi\OneDrive\Desktop\Weather-application--main\lib\weather-api.ts:964:39)
        at Object.<anonymous> (C:\Users\justi\OneDrive\Desktop\Weather-application--main\__tests__\debug-first-test.test.tsx:50:28)

    [0m [90m 1118 |[39m
     [90m 1119 |[39m   } [36mcatch[39m (error) {
    [31m[1m>[22m[39m[90m 1120 |[39m     console[33m.[39merror([32m'Error fetching weather data:'[39m[33m,[39m error)[33m;[39m
     [90m      |[39m             [31m[1m^[22m[39m
     [90m 1121 |[39m     [36mthrow[39m error[33m;[39m
     [90m 1122 |[39m   }
     [90m 1123 |[39m }[33m;[39m[0m

      at error (lib/weather-api.ts:1120:13)
      at Object.<anonymous> (__tests__/debug-first-test.test.tsx:50:28)

  console.error
    TEST FAILED WITH ERROR: TypeError: Cannot read properties of undefined (reading 'state')
        at state (C:\Users\justi\OneDrive\Desktop\Weather-application--main\lib\weather-api.ts:563:34)
        at fetchWeatherData (C:\Users\justi\OneDrive\Desktop\Weather-application--main\lib\weather-api.ts:964:39)
        at Object.<anonymous> (C:\Users\justi\OneDrive\Desktop\Weather-application--main\__tests__\debug-first-test.test.tsx:50:28)

    [0m [90m 55 |[39m             expect(result[33m?[39m[33m.[39mcondition)[33m.[39mtoBe([32m'Clear'[39m)[33m;[39m
     [90m 56 |[39m         } [36mcatch[39m (error) {
    [31m[1m>[22m[39m[90m 57 |[39m             console[33m.[39merror([32m'TEST FAILED WITH ERROR:'[39m[33m,[39m error)[33m;[39m
     [90m    |[39m                     [31m[1m^[22m[39m
     [90m 58 |[39m             [36mthrow[39m error[33m;[39m
     [90m 59 |[39m         }
     [90m 60 |[39m     })[33m;[39m[0m

      at Object.error (__tests__/debug-first-test.test.tsx:57:21)

node.exe : FAIL __tests__/debug-first-test.test.tsx
At C:\Program Files\nodejs\npx.ps1:29 char:3
+   & $NODE_EXE $NPX_CLI_JS $args
+   ~~~~~~~~~~~~~~~~~~~~~~~~~~~~~
    + CategoryInfo          : NotSpecified: (FAIL __tests 
   __/debug-first-test.test.tsx:String) [], RemoteExcept  
  ion
    + FullyQualifiedErrorId : NativeCommandError
 
  Weather API Tests
    ├ù fetchWeatherData should handle valid city input 
(79 ms)

  ΓùÅ Weather API Tests ΓÇ║ fetchWeatherData should 
handle valid city input

    TypeError: Cannot read properties of undefined 
(reading 'state')

    [0m [90m 561 |[39m     
     [90m 562 |[39m     [36mconst[39m location 
[33m=[39m data[[35m0[39m][33m;[39m
    [31m[1m>[22m[39m[90m 563 |[39m     
[36mconst[39m displayName [33m=[39m 
location[33m.[39mstate 
     [90m     |[39m                                  
[31m[1m^[22m[39m
     [90m 564 |[39m       [33m?[39m 
[32m`${location.name}, ${location.state}, 
${location.country}`[39m
     [90m 565 |[39m       [33m:[39m 
[32m`${location.name}, 
${location.country}`[39m[33m;[39m
     [90m 566 |[39m     [0m

      at state (lib/weather-api.ts:563:34)
      at fetchWeatherData (lib/weather-api.ts:964:39)
      at Object.<anonymous> 
(__tests__/debug-first-test.test.tsx:50:28)

Test Suites: 1 failed, 1 total
Tests:       1 failed, 1 total
Snapshots:   0 total
Time:        2.583 s
Ran all test suites matching 
/__tests__\\debug-first-test.test.tsx/i.
